// Jest Snapshot v1, https://goo.gl/fbAQLP

exports[`ProductList renders correctly 1`] = `
<section
  className="sc-fzplWN ehPxTb"
>
  <section
    className="sc-AxiKw dmdrCS"
  >
    <svg
      className="sc-AxhUy gikrmK"
      onClick={[Function]}
    >
      back-arrow.svg
    </svg>
    <h2
      className="sc-AxhCb hyOHYX"
    />
    <svg
      active="false"
      className="sc-AxgMl dCMMYF"
      onClick={[Function]}
    >
      filter.svg
    </svg>
  </section>
</section>
`;
