// Jest Snapshot v1, https://goo.gl/fbAQLP

exports[`Kebab renders correctly 1`] = `
Array [
  <section
    className="sc-AxhCb djfBDV"
  >
    <svg
      className="sc-AxgMl kRQlAl"
      onClick={[Function]}
    >
      back-arrow.svg
    </svg>
    <h2
      className="sc-AxhUy gghUbh"
    >
      Kebab
    </h2>
  </section>,
  <div
    className="sc-AxjAm jTSiGe"
  >
    <h3
      className="sc-AxirZ FzsEO"
    >
      amidori - veggie kebab
    </h3>
    <img
      alt="amidori - veggie kebab"
      className="sc-AxiKw erJOzJ"
      src="https://raw.githubusercontent.com/denniswitzel/capstone-project/master/src/images/kebab/Amidori-Veggie-Kebab.png"
    />
  </div>,
  <div
    className="sc-AxjAm jTSiGe"
  >
    <h3
      className="sc-AxirZ FzsEO"
    >
      amidori - veggie pulled
    </h3>
    <img
      alt="amidori - veggie pulled"
      className="sc-AxiKw erJOzJ"
      src="https://raw.githubusercontent.com/denniswitzel/capstone-project/master/src/images/kebab/Amidori-Veggie-Pulled.png"
    />
  </div>,
  <div
    className="sc-AxjAm jTSiGe"
  >
    <h3
      className="sc-AxirZ FzsEO"
    >
      Garden Gourmet - Filet-Stückchen
    </h3>
    <img
      alt="Garden Gourmet - Filet-Stückchen"
      className="sc-AxiKw erJOzJ"
      src="https://raw.githubusercontent.com/denniswitzel/capstone-project/master/src/images/kebab/Garden-Gourmet-Vegane-Filet-Stueckchen.png"
    />
  </div>,
  <div
    className="sc-AxjAm jTSiGe"
  >
    <h3
      className="sc-AxirZ FzsEO"
    >
      Like meat - Like BBQ Chicken
    </h3>
    <img
      alt="Like meat - Like BBQ Chicken"
      className="sc-AxiKw erJOzJ"
      src="https://raw.githubusercontent.com/denniswitzel/capstone-project/master/src/images/kebab/Like-meat-BBQ-Chicken.png"
    />
  </div>,
  <div
    className="sc-AxjAm jTSiGe"
  >
    <h3
      className="sc-AxirZ FzsEO"
    >
      Like meat - Like Chicken
    </h3>
    <img
      alt="Like meat - Like Chicken"
      className="sc-AxiKw erJOzJ"
      src="https://raw.githubusercontent.com/denniswitzel/capstone-project/master/src/images/kebab/Like-meat-Chicken.png"
    />
  </div>,
  <div
    className="sc-AxjAm jTSiGe"
  >
    <h3
      className="sc-AxirZ FzsEO"
    >
      Like meat - Like Curry Chicken
    </h3>
    <img
      alt="Like meat - Like Curry Chicken"
      className="sc-AxiKw erJOzJ"
      src="https://raw.githubusercontent.com/denniswitzel/capstone-project/master/src/images/kebab/Like-meat-Curry-Chicken.png"
    />
  </div>,
  <div
    className="sc-AxjAm jTSiGe"
  >
    <h3
      className="sc-AxirZ FzsEO"
    >
      Like meat - Like Döner
    </h3>
    <img
      alt="Like meat - Like Döner"
      className="sc-AxiKw erJOzJ"
      src="https://raw.githubusercontent.com/denniswitzel/capstone-project/master/src/images/kebab/Like-meat-Doener.png"
    />
  </div>,
  <div
    className="sc-AxjAm jTSiGe"
  >
    <h3
      className="sc-AxirZ FzsEO"
    >
      Like meat - Like Grilled Chicken
    </h3>
    <img
      alt="Like meat - Like Grilled Chicken"
      className="sc-AxiKw erJOzJ"
      src="https://raw.githubusercontent.com/denniswitzel/capstone-project/master/src/images/kebab/Like-meat-Grilled-Chicken.png"
    />
  </div>,
  <div
    className="sc-AxjAm jTSiGe"
  >
    <h3
      className="sc-AxirZ FzsEO"
    >
      Like meat - Like Gyros
    </h3>
    <img
      alt="Like meat - Like Gyros"
      className="sc-AxiKw erJOzJ"
      src="https://raw.githubusercontent.com/denniswitzel/capstone-project/master/src/images/kebab/Like-meat-Gyros.png"
    />
  </div>,
  <div
    className="sc-AxjAm jTSiGe"
  >
    <h3
      className="sc-AxirZ FzsEO"
    >
      Rügenwalder - Geschnetzeltes
    </h3>
    <img
      alt="Rügenwalder - Geschnetzeltes"
      className="sc-AxiKw erJOzJ"
      src="https://raw.githubusercontent.com/denniswitzel/capstone-project/master/src/images/kebab/Ruegenwalder-Muehlen-Geschnetzeltes.png"
    />
  </div>,
  <div
    className="sc-AxjAm jTSiGe"
  >
    <h3
      className="sc-AxirZ FzsEO"
    >
      Vegetarian Butcher - Geschnetzeltes
    </h3>
    <img
      alt="Vegetarian Butcher - Geschnetzeltes"
      className="sc-AxiKw erJOzJ"
      src="https://raw.githubusercontent.com/denniswitzel/capstone-project/master/src/images/kebab/The-Vegetarian-Butcher-Veganes-1001-Geschnetzeltes.png"
    />
  </div>,
  <div
    className="sc-AxjAm jTSiGe"
  >
    <h3
      className="sc-AxirZ FzsEO"
    >
      Vivera - Veganer Döner Kebab
    </h3>
    <img
      alt="Vivera - Veganer Döner Kebab"
      className="sc-AxiKw erJOzJ"
      src="https://raw.githubusercontent.com/denniswitzel/capstone-project/master/src/images/kebab/Vivera-Veganer-Doener-Kebab.png"
    />
  </div>,
  <div
    className="sc-AxjAm jTSiGe"
  >
    <h3
      className="sc-AxirZ FzsEO"
    >
      Wheaty - Veganer Döner
    </h3>
    <img
      alt="Wheaty - Veganer Döner"
      className="sc-AxiKw erJOzJ"
      src="https://raw.githubusercontent.com/denniswitzel/capstone-project/master/src/images/kebab/Wheaty-Veganer-Doener.png"
    />
  </div>,
  <div
    className="sc-AxjAm jTSiGe"
  >
    <h3
      className="sc-AxirZ FzsEO"
    >
      Wheaty - Veganer Curry
    </h3>
    <img
      alt="Wheaty - Veganer Curry"
      className="sc-AxiKw erJOzJ"
      src="https://raw.githubusercontent.com/denniswitzel/capstone-project/master/src/images/kebab/Wheaty-Veganes-Curry.png"
    />
  </div>,
  <div
    className="sc-AxjAm jTSiGe"
  >
    <h3
      className="sc-AxirZ FzsEO"
    >
      Wheaty - Veganes Gyros
    </h3>
    <img
      alt="Wheaty - Veganes Gyros"
      className="sc-AxiKw erJOzJ"
      src="https://raw.githubusercontent.com/denniswitzel/capstone-project/master/src/images/kebab/Wheaty-Veganes-Gyros.png"
    />
  </div>,
]
`;
