// Jest Snapshot v1, https://goo.gl/fbAQLP

exports[`Header renders correctly 1`] = `
<section
  className="sc-AxjAm cmCotq"
>
  <svg
    className="sc-AxiKw ixfOfj"
    onClick={[Function]}
  >
    back-arrow.svg
  </svg>
  <h2
    className="sc-AxirZ sqNNI"
  >
    CATEGORY NAME
  </h2>
  <svg
    className="sc-AxhCb drMDeW"
  >
    filter.svg
  </svg>
</section>
`;
