// Jest Snapshot v1, https://goo.gl/fbAQLP

exports[`Header renders correctly 1`] = `
<section
  className="sc-AxjAm jRGLJZ"
>
  <svg
    className="sc-AxiKw jcUDjX"
    onClick={[Function]}
  >
    back-arrow.svg
  </svg>
  <h2
    className="sc-AxirZ jgYDSb"
  />
  <svg
    className="sc-AxhCb FeAGO"
  >
    filter.svg
  </svg>
</section>
`;
