// Jest Snapshot v1, https://goo.gl/fbAQLP

exports[`Product renders correctly 1`] = `
<div
  className="sc-AxjAm chUUcj"
>
  <h3
    className="sc-AxirZ iyHzja"
  />
  <img
    className="sc-AxiKw kFMpIF"
  />
  <div
    className="sc-AxhCb gCPGaY"
  >
    <p
      className="sc-AxhUy cKGfdj"
    />
  </div>
</div>
`;
